Component: ARM Compiler 5.06 update 6 (build 750) Tool: armlink [4d35ed]

==============================================================================

Section Cross References

    main.o(SBCCCODE) refers to lcd.o(LCDCODE) for LCD_INIT
    main.o(SBCCCODE) refers to startup.o(STACK) for __initial_sp
    lcd.o(LCDCODE) refers (Special) to delay.o(DELAYCODE) for DELAY_1_MS
    startup.o(RESET) refers to startup.o(STACK) for __initial_sp
    startup.o(RESET) refers to startup.o(SBCCSTARTUP) for Reset_Handler
    startup.o(SBCCSTARTUP) refers to main.o(SBCCCODE) for start


==============================================================================

Image Symbol Table

    Local Symbols

    Symbol Name                              Value     Ov Type        Size  Object(Section)

    RESET                                    0x00000000   Section      228  startup.o(RESET)
    delay.s                                  0x00000000   Number         0  delay.o ABSOLUTE
    lcd.s                                    0x00000000   Number         0  lcd.o ABSOLUTE
    main.s                                   0x00000000   Number         0  main.o ABSOLUTE
    startup.s                                0x00000000   Number         0  startup.o ABSOLUTE
    DELAYCODE                                0x000000e4   Section       90  delay.o(DELAYCODE)
    $v0                                      0x000000e4   Number         0  delay.o(DELAYCODE)
    LCDCODE                                  0x00000140   Section      568  lcd.o(LCDCODE)
    $v0                                      0x00000140   Number         0  lcd.o(LCDCODE)
    SBCCCODE                                 0x00000378   Section       92  main.o(SBCCCODE)
    $v0                                      0x00000378   Number         0  main.o(SBCCCODE)
    cstring0                                 0x000003a4   Data          17  main.o(SBCCCODE)
    cstring1                                 0x000003b5   Data          17  main.o(SBCCCODE)
    SBCCSTARTUP                              0x000003d4   Section       28  startup.o(SBCCSTARTUP)
    $v0                                      0x000003d4   Number         0  startup.o(SBCCSTARTUP)
    STACK                                    0x10000000   Section     1024  startup.o(STACK)

    Global Symbols

    Symbol Name                              Value     Ov Type        Size  Object(Section)

    BuildAttributes$$THM_ISAv4$E$P$D$K$B$S$7EM$VFPi3$EXTD16$VFPS$VFMA$PE$A:L22UL41UL21$X:L11$S22US41US21$IEEE1$IW$USESV6$~STKCKD$USESV7$~SHL$OSPACE$EBA8$STANDARDLIB$EABIv2 0x00000000   Number         0  anon$$obj.o ABSOLUTE
    __Vectors                                0x00000000   Data           4  startup.o(RESET)
    DELAY_1_MS                               0x000000e5   Thumb Code    18  delay.o(DELAYCODE)
    DELAY_2_MS                               0x000000f7   Thumb Code    18  delay.o(DELAYCODE)
    DELAY_5_MS                               0x00000109   Thumb Code    18  delay.o(DELAYCODE)
    DELAY_15_MS                              0x0000011b   Thumb Code    18  delay.o(DELAYCODE)
    DELAY_20_MS                              0x0000012d   Thumb Code    18  delay.o(DELAYCODE)
    LCD_INIT                                 0x00000141   Thumb Code   194  lcd.o(LCDCODE)
    WRITE_CSTRING                            0x00000203   Thumb Code    58  lcd.o(LCDCODE)
    WRITE_COMMAND                            0x0000023d   Thumb Code    34  lcd.o(LCDCODE)
    WRITE_DATA                               0x0000025f   Thumb Code    34  lcd.o(LCDCODE)
    WRITE_BYTE                               0x00000281   Thumb Code    30  lcd.o(LCDCODE)
    WRITE_LS_NYBBLE                          0x0000029f   Thumb Code   108  lcd.o(LCDCODE)
    SET_RS                                   0x0000030b   Thumb Code    24  lcd.o(LCDCODE)
    SET_E                                    0x00000323   Thumb Code    24  lcd.o(LCDCODE)
    LCD_BACKLIGHT                            0x0000033b   Thumb Code    20  lcd.o(LCDCODE)
    start                                    0x00000379   Thumb Code    44  main.o(SBCCCODE)
    Reset_Handler                            0x000003d5   Thumb Code     4  startup.o(SBCCSTARTUP)
    NMI_Handler                              0x000003d9   Thumb Code     2  startup.o(SBCCSTARTUP)
    HardFault_Handler                        0x000003db   Thumb Code     2  startup.o(SBCCSTARTUP)
    MemManage_Handler                        0x000003dd   Thumb Code     2  startup.o(SBCCSTARTUP)
    BusFault_Handler                         0x000003df   Thumb Code     2  startup.o(SBCCSTARTUP)
    UsageFault_Handler                       0x000003e1   Thumb Code     2  startup.o(SBCCSTARTUP)
    SVC_Handler                              0x000003e3   Thumb Code     2  startup.o(SBCCSTARTUP)
    DebugMon_Handler                         0x000003e5   Thumb Code     2  startup.o(SBCCSTARTUP)
    PendSV_Handler                           0x000003e7   Thumb Code     2  startup.o(SBCCSTARTUP)
    SysTick_Handler                          0x000003e9   Thumb Code     2  startup.o(SBCCSTARTUP)
    ADC_IRQHandler                           0x000003eb   Thumb Code     0  startup.o(SBCCSTARTUP)
    BOD_IRQHandler                           0x000003eb   Thumb Code     0  startup.o(SBCCSTARTUP)
    CANActivity_IRQHandler                   0x000003eb   Thumb Code     0  startup.o(SBCCSTARTUP)
    CAN_IRQHandler                           0x000003eb   Thumb Code     0  startup.o(SBCCSTARTUP)
    DMA_IRQHandler                           0x000003eb   Thumb Code     0  startup.o(SBCCSTARTUP)
    EEPROM_IRQHandler                        0x000003eb   Thumb Code     0  startup.o(SBCCSTARTUP)
    EINT0_IRQHandler                         0x000003eb   Thumb Code     0  startup.o(SBCCSTARTUP)
    EINT1_IRQHandler                         0x000003eb   Thumb Code     0  startup.o(SBCCSTARTUP)
    EINT2_IRQHandler                         0x000003eb   Thumb Code     0  startup.o(SBCCSTARTUP)
    EINT3_IRQHandler                         0x000003eb   Thumb Code     0  startup.o(SBCCSTARTUP)
    ENET_IRQHandler                          0x000003eb   Thumb Code     0  startup.o(SBCCSTARTUP)
    GPIO_IRQHandler                          0x000003eb   Thumb Code     0  startup.o(SBCCSTARTUP)
    I2C0_IRQHandler                          0x000003eb   Thumb Code     0  startup.o(SBCCSTARTUP)
    I2C1_IRQHandler                          0x000003eb   Thumb Code     0  startup.o(SBCCSTARTUP)
    I2C2_IRQHandler                          0x000003eb   Thumb Code     0  startup.o(SBCCSTARTUP)
    I2S_IRQHandler                           0x000003eb   Thumb Code     0  startup.o(SBCCSTARTUP)
    LCD_IRQHandler                           0x000003eb   Thumb Code     0  startup.o(SBCCSTARTUP)
    MCI_IRQHandler                           0x000003eb   Thumb Code     0  startup.o(SBCCSTARTUP)
    MCPWM_IRQHandler                         0x000003eb   Thumb Code     0  startup.o(SBCCSTARTUP)
    PLL0_IRQHandler                          0x000003eb   Thumb Code     0  startup.o(SBCCSTARTUP)
    PLL1_IRQHandler                          0x000003eb   Thumb Code     0  startup.o(SBCCSTARTUP)
    PWM0_IRQHandler                          0x000003eb   Thumb Code     0  startup.o(SBCCSTARTUP)
    PWM1_IRQHandler                          0x000003eb   Thumb Code     0  startup.o(SBCCSTARTUP)
    QEI_IRQHandler                           0x000003eb   Thumb Code     0  startup.o(SBCCSTARTUP)
    RTC_IRQHandler                           0x000003eb   Thumb Code     0  startup.o(SBCCSTARTUP)
    SSP0_IRQHandler                          0x000003eb   Thumb Code     0  startup.o(SBCCSTARTUP)
    SSP1_IRQHandler                          0x000003eb   Thumb Code     0  startup.o(SBCCSTARTUP)
    SSP2_IRQHandler                          0x000003eb   Thumb Code     0  startup.o(SBCCSTARTUP)
    TIMER0_IRQHandler                        0x000003eb   Thumb Code     0  startup.o(SBCCSTARTUP)
    TIMER1_IRQHandler                        0x000003eb   Thumb Code     0  startup.o(SBCCSTARTUP)
    TIMER2_IRQHandler                        0x000003eb   Thumb Code     0  startup.o(SBCCSTARTUP)
    TIMER3_IRQHandler                        0x000003eb   Thumb Code     0  startup.o(SBCCSTARTUP)
    UART0_IRQHandler                         0x000003eb   Thumb Code     0  startup.o(SBCCSTARTUP)
    UART1_IRQHandler                         0x000003eb   Thumb Code     0  startup.o(SBCCSTARTUP)
    UART2_IRQHandler                         0x000003eb   Thumb Code     0  startup.o(SBCCSTARTUP)
    UART3_IRQHandler                         0x000003eb   Thumb Code     0  startup.o(SBCCSTARTUP)
    UART4_IRQHandler                         0x000003eb   Thumb Code     0  startup.o(SBCCSTARTUP)
    USBActivity_IRQHandler                   0x000003eb   Thumb Code     0  startup.o(SBCCSTARTUP)
    USB_IRQHandler                           0x000003eb   Thumb Code     0  startup.o(SBCCSTARTUP)
    WDT_IRQHandler                           0x000003eb   Thumb Code     0  startup.o(SBCCSTARTUP)
    __initial_sp                             0x10000400   Data           0  startup.o(STACK)



==============================================================================

Memory Map of the image

  Image Entry point : 0x000003d5

  Load Region LR_1 (Base: 0x00000000, Size: 0x000003f0, Max: 0xffffffff, ABSOLUTE)

    Execution Region ER_RO (Exec base: 0x00000000, Load base: 0x00000000, Size: 0x000003f0, Max: 0xffffffff, ABSOLUTE)

    Exec Addr    Load Addr    Size         Type   Attr      Idx    E Section Name        Object

    0x00000000   0x00000000   0x000000e4   Data   RO           12    RESET               startup.o
    0x000000e4   0x000000e4   0x0000005a   Code   RO           17    DELAYCODE           delay.o
    0x0000013e   0x0000013e   0x00000002   PAD
    0x00000140   0x00000140   0x00000238   Code   RO            7    LCDCODE             lcd.o
    0x00000378   0x00000378   0x0000005c   Code   RO            1    SBCCCODE            main.o
    0x000003d4   0x000003d4   0x0000001c   Code   RO           13  * SBCCSTARTUP         startup.o


    Execution Region ER_RW (Exec base: 0x10000000, Load base: 0x000003f0, Size: 0x00000000, Max: 0xffffffff, ABSOLUTE)

    **** No section assigned to this execution region ****


    Execution Region ER_ZI (Exec base: 0x10000000, Load base: 0x000003f0, Size: 0x00000400, Max: 0xffffffff, ABSOLUTE)

    Exec Addr    Load Addr    Size         Type   Attr      Idx    E Section Name        Object

    0x10000000        -       0x00000400   Zero   RW           11    STACK               startup.o


==============================================================================

Image component sizes


      Code (inc. data)   RO Data    RW Data    ZI Data      Debug   Object Name

        90          0          0          0          0        544   delay.o
       568         42          0          0          0        844   lcd.o
        92         48          0          0          0        392   main.o
        28          4        228          0       1024        792   startup.o

    ----------------------------------------------------------------------
       780         94        228          0       1024       2572   Object Totals
         0          0          0          0          0          0   (incl. Generated)
         2          0          0          0          0          0   (incl. Padding)

    ----------------------------------------------------------------------
         0          0          0          0          0          0   Library Totals
         0          0          0          0          0          0   (incl. Padding)

    ----------------------------------------------------------------------

==============================================================================


      Code (inc. data)   RO Data    RW Data    ZI Data      Debug   

       780         94        228          0       1024       2272   Grand Totals
       780         94        228          0       1024       2272   ELF Image Totals
       780         94        228          0          0          0   ROM Totals

==============================================================================

    Total RO  Size (Code + RO Data)                 1008 (   0.98kB)
    Total RW  Size (RW Data + ZI Data)              1024 (   1.00kB)
    Total ROM Size (Code + RO Data + RW Data)       1008 (   0.98kB)

==============================================================================

